INFO: [VRFC 10-2263] Analyzing Verilog file "C:/Users/ai09625/Downloads/Lab11/Lab11/Lab11.srcs/sources_1/imports/files/AddressDecoder.v" into library xil_defaultlib
INFO: [VRFC 10-311] analyzing module AddressDecoder
INFO: [VRFC 10-2263] Analyzing Verilog file "C:/Users/ai09625/Downloads/Lab11/Lab11/Lab11.srcs/sources_1/imports/files/DataMemory.v" into library xil_defaultlib
INFO: [VRFC 10-311] analyzing module DataMemory
INFO: [VRFC 10-2263] Analyzing Verilog file "C:/Users/ai09625/Downloads/Lab11/Lab11/Lab11.srcs/sources_1/new/ProgramCounter.v" into library xil_defaultlib
INFO: [VRFC 10-311] analyzing module ProgramCounter
INFO: [VRFC 10-2263] Analyzing Verilog file "C:/Users/ai09625/Downloads/Lab11/Lab11/Lab11.srcs/sources_1/imports/CA-labs/Lab07/Lab07.srcs/sources_1/imports/new/Registerfile.v" into library xil_defaultlib
INFO: [VRFC 10-311] analyzing module RegisterFile
INFO: [VRFC 10-2263] Analyzing Verilog file "C:/Users/ai09625/Downloads/Lab11/Lab11/Lab11.srcs/sources_1/new/TopLevelProcessor.v" into library xil_defaultlib
INFO: [VRFC 10-311] analyzing module TopLevelProcessor
INFO: [VRFC 10-2263] Analyzing Verilog file "C:/Users/ai09625/Downloads/Lab11/Lab11/Lab11.srcs/sources_1/imports/files/addressDecoderTop.v" into library xil_defaultlib
INFO: [VRFC 10-311] analyzing module addressDecoderTop
INFO: [VRFC 10-2263] Analyzing Verilog file "C:/Users/ai09625/Downloads/Lab11/Lab11/Lab11.srcs/sources_1/imports/CA-labs/Lab07/Lab07.srcs/sources_1/imports/new/alu.v" into library xil_defaultlib
INFO: [VRFC 10-311] analyzing module alu_1bit
INFO: [VRFC 10-2263] Analyzing Verilog file "C:/Users/ai09625/Downloads/Lab11/Lab11/Lab11.srcs/sources_1/imports/CA-labs/Lab07/Lab07.srcs/sources_1/imports/new/alu_32bit.v" into library xil_defaultlib
INFO: [VRFC 10-311] analyzing module alu_32bit
INFO: [VRFC 10-2263] Analyzing Verilog file "C:/Users/ai09625/Downloads/Lab11/Lab11/Lab11.srcs/sources_1/imports/CA-labs/Lab09/Lab09.srcs/sources_1/new/alu_control.v" into library xil_defaultlib
INFO: [VRFC 10-311] analyzing module alu_control
INFO: [VRFC 10-2263] Analyzing Verilog file "C:/Users/ai09625/Downloads/Lab11/Lab11/Lab11.srcs/sources_1/imports/CA-labs/Lab07/Lab07.srcs/sources_1/imports/new/and_gate.v" into library xil_defaultlib
INFO: [VRFC 10-311] analyzing module and_gate
INFO: [VRFC 10-2263] Analyzing Verilog file "C:/Users/ai09625/Downloads/Lab11/Lab11/Lab11.srcs/sources_1/new/branchAdder.v" into library xil_defaultlib
INFO: [VRFC 10-311] analyzing module branchAdder
INFO: [VRFC 10-2263] Analyzing Verilog file "C:/Users/ai09625/Downloads/Lab11/Lab11/Lab11.srcs/sources_1/imports/CA-labs/Lab07/Lab07.srcs/sources_1/imports/new/full_adder.v" into library xil_defaultlib
INFO: [VRFC 10-311] analyzing module full_adder
INFO: [VRFC 10-2263] Analyzing Verilog file "C:/Users/ai09625/Downloads/Lab11/Lab11/Lab11.srcs/sources_1/new/immGen.v" into library xil_defaultlib
INFO: [VRFC 10-311] analyzing module immGen
INFO: [VRFC 10-2263] Analyzing Verilog file "C:/Users/ai09625/Downloads/Lab11/Lab11/Lab11.srcs/sources_1/imports/CA-labs/Lab10/Lab10.srcs/sources_1/new/instructionMemory.v" into library xil_defaultlib
INFO: [VRFC 10-311] analyzing module instructionMemory
INFO: [VRFC 10-2263] Analyzing Verilog file "C:/Users/ai09625/Downloads/Lab11/Lab11/Lab11.srcs/sources_1/imports/files/leds.v" into library xil_defaultlib
INFO: [VRFC 10-311] analyzing module leds
INFO: [VRFC 10-2263] Analyzing Verilog file "C:/Users/ai09625/Downloads/Lab11/Lab11/Lab11.srcs/sources_1/imports/CA-labs/Lab09/Lab09.srcs/sources_1/new/main_control.v" into library xil_defaultlib
INFO: [VRFC 10-311] analyzing module main_control
INFO: [VRFC 10-2263] Analyzing Verilog file "C:/Users/ai09625/Downloads/Lab11/Lab11/Lab11.srcs/sources_1/imports/CA-labs/Lab07/Lab07.srcs/sources_1/imports/new/or_gate.v" into library xil_defaultlib
INFO: [VRFC 10-311] analyzing module or_gate
INFO: [VRFC 10-2263] Analyzing Verilog file "C:/Users/ai09625/Downloads/Lab11/Lab11/Lab11.srcs/sources_1/new/pcAdder.v" into library xil_defaultlib
INFO: [VRFC 10-311] analyzing module pcAdder
INFO: [VRFC 10-2263] Analyzing Verilog file "C:/Users/ai09625/Downloads/Lab11/Lab11/Lab11.srcs/sources_1/imports/CA-labs/Lab07/Lab07.srcs/sources_1/imports/new/shifter_32bit.v" into library xil_defaultlib
INFO: [VRFC 10-311] analyzing module shifter_32bit
INFO: [VRFC 10-2263] Analyzing Verilog file "C:/Users/ai09625/Downloads/Lab11/Lab11/Lab11.srcs/sources_1/imports/files/switches.v" into library xil_defaultlib
INFO: [VRFC 10-311] analyzing module switches
INFO: [VRFC 10-2263] Analyzing Verilog file "C:/Users/ai09625/Downloads/Lab11/Lab11/Lab11.srcs/sources_1/imports/CA-labs/Lab07/Lab07.srcs/sources_1/imports/new/xor_gate.v" into library xil_defaultlib
INFO: [VRFC 10-311] analyzing module xor_gate
INFO: [VRFC 10-2263] Analyzing Verilog file "C:/Users/ai09625/Downloads/Lab11/Lab11/Lab11.srcs/sources_1/new/tb_TopLevelProcessor.v" into library xil_defaultlib
INFO: [VRFC 10-311] analyzing module tb_TopLevelProcessor
