
*** Running vivado
    with args -log TopLevelProcessor.vds -m64 -product Vivado -mode batch -messageDb vivado.pb -notrace -source TopLevelProcessor.tcl



****** Vivado v2020.1 (64-bit)
  **** SW Build 2902540 on Wed May 27 19:54:49 MDT 2020
  **** IP Build 2902112 on Wed May 27 22:43:36 MDT 2020
    ** Copyright 1986-2020 Xilinx, Inc. All Rights Reserved.

source TopLevelProcessor.tcl -notrace
Command: synth_design -top TopLevelProcessor -part xc7a35tcpg236-1
Starting synth_design
Attempting to get a license for feature 'Synthesis' and/or device 'xc7a35t'
INFO: [Common 17-349] Got license for feature 'Synthesis' and/or device 'xc7a35t'
INFO: [Device 21-403] Loading part xc7a35tcpg236-1
INFO: [Synth 8-7079] Multithreading enabled for synth_design using a maximum of 2 processes.
INFO: [Synth 8-7078] Launching helper process for spawning children vivado processes
INFO: [Synth 8-7075] Helper process launched with PID 9148
---------------------------------------------------------------------------------
Starting RTL Elaboration : Time (s): cpu = 00:00:06 ; elapsed = 00:00:07 . Memory (MB): peak = 1025.652 ; gain = 0.000
---------------------------------------------------------------------------------
INFO: [Synth 8-6157] synthesizing module 'TopLevelProcessor' [C:/Users/Student/Downloads/Lab11/Lab11.srcs/sources_1/new/TopLevelProcessor.v:7]
INFO: [Synth 8-6157] synthesizing module 'ProgramCounter' [C:/Users/Student/Downloads/Lab11/Lab11.srcs/sources_1/new/ProgramCounter.v:26]
INFO: [Synth 8-6155] done synthesizing module 'ProgramCounter' (1#1) [C:/Users/Student/Downloads/Lab11/Lab11.srcs/sources_1/new/ProgramCounter.v:26]
INFO: [Synth 8-6157] synthesizing module 'pcAdder' [C:/Users/Student/Downloads/Lab11/Lab11.srcs/sources_1/new/pcAdder.v:25]
INFO: [Synth 8-6155] done synthesizing module 'pcAdder' (2#1) [C:/Users/Student/Downloads/Lab11/Lab11.srcs/sources_1/new/pcAdder.v:25]
INFO: [Synth 8-6157] synthesizing module 'branchAdder' [C:/Users/Student/Downloads/Lab11/Lab11.srcs/sources_1/new/branchAdder.v:5]
INFO: [Synth 8-6155] done synthesizing module 'branchAdder' (3#1) [C:/Users/Student/Downloads/Lab11/Lab11.srcs/sources_1/new/branchAdder.v:5]
INFO: [Synth 8-6157] synthesizing module 'instructionMemory' [C:/Users/Student/Downloads/Lab11/Lab11.srcs/sources_1/imports/CA-labs/Lab10/Lab10.srcs/sources_1/new/instructionMemory.v:2]
	Parameter OPERAND_LENGTH bound to: 31 - type: integer 
INFO: [Synth 8-3876] $readmem data file 'instruction.mem' is read successfully [C:/Users/Student/Downloads/Lab11/Lab11.srcs/sources_1/imports/CA-labs/Lab10/Lab10.srcs/sources_1/new/instructionMemory.v:13]
INFO: [Synth 8-6155] done synthesizing module 'instructionMemory' (4#1) [C:/Users/Student/Downloads/Lab11/Lab11.srcs/sources_1/imports/CA-labs/Lab10/Lab10.srcs/sources_1/new/instructionMemory.v:2]
INFO: [Synth 8-6157] synthesizing module 'main_control' [C:/Users/Student/Downloads/Lab11/Lab11.srcs/sources_1/imports/CA-labs/Lab09/Lab09.srcs/sources_1/new/main_control.v:11]
INFO: [Synth 8-6155] done synthesizing module 'main_control' (5#1) [C:/Users/Student/Downloads/Lab11/Lab11.srcs/sources_1/imports/CA-labs/Lab09/Lab09.srcs/sources_1/new/main_control.v:11]
INFO: [Synth 8-6157] synthesizing module 'alu_control' [C:/Users/Student/Downloads/Lab11/Lab11.srcs/sources_1/imports/CA-labs/Lab09/Lab09.srcs/sources_1/new/alu_control.v:3]
INFO: [Synth 8-226] default block is never used [C:/Users/Student/Downloads/Lab11/Lab11.srcs/sources_1/imports/CA-labs/Lab09/Lab09.srcs/sources_1/new/alu_control.v:11]
INFO: [Synth 8-6155] done synthesizing module 'alu_control' (6#1) [C:/Users/Student/Downloads/Lab11/Lab11.srcs/sources_1/imports/CA-labs/Lab09/Lab09.srcs/sources_1/new/alu_control.v:3]
INFO: [Synth 8-6157] synthesizing module 'RegisterFile' [C:/Users/Student/Downloads/Lab11/Lab11.srcs/sources_1/imports/CA-labs/Lab07/Lab07.srcs/sources_1/imports/new/Registerfile.v:2]
INFO: [Synth 8-6155] done synthesizing module 'RegisterFile' (7#1) [C:/Users/Student/Downloads/Lab11/Lab11.srcs/sources_1/imports/CA-labs/Lab07/Lab07.srcs/sources_1/imports/new/Registerfile.v:2]
INFO: [Synth 8-6157] synthesizing module 'immGen' [C:/Users/Student/Downloads/Lab11/Lab11.srcs/sources_1/new/immGen.v:15]
INFO: [Synth 8-6155] done synthesizing module 'immGen' (8#1) [C:/Users/Student/Downloads/Lab11/Lab11.srcs/sources_1/new/immGen.v:15]
INFO: [Synth 8-6157] synthesizing module 'alu_32bit' [C:/Users/Student/Downloads/Lab11/Lab11.srcs/sources_1/imports/CA-labs/Lab07/Lab07.srcs/sources_1/imports/new/alu_32bit.v:22]
INFO: [Synth 8-6157] synthesizing module 'alu_1bit' [C:/Users/Student/Downloads/Lab11/Lab11.srcs/sources_1/imports/CA-labs/Lab07/Lab07.srcs/sources_1/imports/new/alu.v:23]
INFO: [Synth 8-6157] synthesizing module 'and_gate' [C:/Users/Student/Downloads/Lab11/Lab11.srcs/sources_1/imports/CA-labs/Lab07/Lab07.srcs/sources_1/imports/new/and_gate.v:23]
INFO: [Synth 8-6155] done synthesizing module 'and_gate' (9#1) [C:/Users/Student/Downloads/Lab11/Lab11.srcs/sources_1/imports/CA-labs/Lab07/Lab07.srcs/sources_1/imports/new/and_gate.v:23]
INFO: [Synth 8-6157] synthesizing module 'or_gate' [C:/Users/Student/Downloads/Lab11/Lab11.srcs/sources_1/imports/CA-labs/Lab07/Lab07.srcs/sources_1/imports/new/or_gate.v:23]
INFO: [Synth 8-6155] done synthesizing module 'or_gate' (10#1) [C:/Users/Student/Downloads/Lab11/Lab11.srcs/sources_1/imports/CA-labs/Lab07/Lab07.srcs/sources_1/imports/new/or_gate.v:23]
INFO: [Synth 8-6157] synthesizing module 'xor_gate' [C:/Users/Student/Downloads/Lab11/Lab11.srcs/sources_1/imports/CA-labs/Lab07/Lab07.srcs/sources_1/imports/new/xor_gate.v:23]
INFO: [Synth 8-6155] done synthesizing module 'xor_gate' (11#1) [C:/Users/Student/Downloads/Lab11/Lab11.srcs/sources_1/imports/CA-labs/Lab07/Lab07.srcs/sources_1/imports/new/xor_gate.v:23]
INFO: [Synth 8-6157] synthesizing module 'full_adder' [C:/Users/Student/Downloads/Lab11/Lab11.srcs/sources_1/imports/CA-labs/Lab07/Lab07.srcs/sources_1/imports/new/full_adder.v:22]
INFO: [Synth 8-6155] done synthesizing module 'full_adder' (12#1) [C:/Users/Student/Downloads/Lab11/Lab11.srcs/sources_1/imports/CA-labs/Lab07/Lab07.srcs/sources_1/imports/new/full_adder.v:22]
INFO: [Synth 8-226] default block is never used [C:/Users/Student/Downloads/Lab11/Lab11.srcs/sources_1/imports/CA-labs/Lab07/Lab07.srcs/sources_1/imports/new/alu.v:55]
INFO: [Synth 8-6155] done synthesizing module 'alu_1bit' (13#1) [C:/Users/Student/Downloads/Lab11/Lab11.srcs/sources_1/imports/CA-labs/Lab07/Lab07.srcs/sources_1/imports/new/alu.v:23]
INFO: [Synth 8-6157] synthesizing module 'shifter_32bit' [C:/Users/Student/Downloads/Lab11/Lab11.srcs/sources_1/imports/CA-labs/Lab07/Lab07.srcs/sources_1/imports/new/shifter_32bit.v:22]
INFO: [Synth 8-6155] done synthesizing module 'shifter_32bit' (14#1) [C:/Users/Student/Downloads/Lab11/Lab11.srcs/sources_1/imports/CA-labs/Lab07/Lab07.srcs/sources_1/imports/new/shifter_32bit.v:22]
INFO: [Synth 8-6155] done synthesizing module 'alu_32bit' (15#1) [C:/Users/Student/Downloads/Lab11/Lab11.srcs/sources_1/imports/CA-labs/Lab07/Lab07.srcs/sources_1/imports/new/alu_32bit.v:22]
INFO: [Synth 8-6157] synthesizing module 'addressDecoderTop' [C:/Users/Student/Downloads/Lab11/Lab11.srcs/sources_1/imports/files/addressDecoderTop.v:3]
INFO: [Synth 8-6157] synthesizing module 'AddressDecoder' [C:/Users/Student/Downloads/Lab11/Lab11.srcs/sources_1/imports/files/AddressDecoder.v:3]
INFO: [Synth 8-6155] done synthesizing module 'AddressDecoder' (16#1) [C:/Users/Student/Downloads/Lab11/Lab11.srcs/sources_1/imports/files/AddressDecoder.v:3]
INFO: [Synth 8-6157] synthesizing module 'DataMemory' [C:/Users/Student/Downloads/Lab11/Lab11.srcs/sources_1/imports/files/DataMemory.v:2]
INFO: [Synth 8-6155] done synthesizing module 'DataMemory' (17#1) [C:/Users/Student/Downloads/Lab11/Lab11.srcs/sources_1/imports/files/DataMemory.v:2]
INFO: [Synth 8-6157] synthesizing module 'switches' [C:/Users/Student/Downloads/Lab11/Lab11.srcs/sources_1/imports/files/switches.v:3]
INFO: [Synth 8-6155] done synthesizing module 'switches' (18#1) [C:/Users/Student/Downloads/Lab11/Lab11.srcs/sources_1/imports/files/switches.v:3]
INFO: [Synth 8-6157] synthesizing module 'leds' [C:/Users/Student/Downloads/Lab11/Lab11.srcs/sources_1/imports/files/leds.v:3]
INFO: [Synth 8-6155] done synthesizing module 'leds' (19#1) [C:/Users/Student/Downloads/Lab11/Lab11.srcs/sources_1/imports/files/leds.v:3]
INFO: [Synth 8-6155] done synthesizing module 'addressDecoderTop' (20#1) [C:/Users/Student/Downloads/Lab11/Lab11.srcs/sources_1/imports/files/addressDecoderTop.v:3]
INFO: [Synth 8-6155] done synthesizing module 'TopLevelProcessor' (21#1) [C:/Users/Student/Downloads/Lab11/Lab11.srcs/sources_1/new/TopLevelProcessor.v:7]
---------------------------------------------------------------------------------
Finished RTL Elaboration : Time (s): cpu = 00:00:10 ; elapsed = 00:00:11 . Memory (MB): peak = 1025.652 ; gain = 0.000
---------------------------------------------------------------------------------
---------------------------------------------------------------------------------
Start Handling Custom Attributes
---------------------------------------------------------------------------------
---------------------------------------------------------------------------------
Finished Handling Custom Attributes : Time (s): cpu = 00:00:11 ; elapsed = 00:00:13 . Memory (MB): peak = 1025.652 ; gain = 0.000
---------------------------------------------------------------------------------
---------------------------------------------------------------------------------
Finished RTL Optimization Phase 1 : Time (s): cpu = 00:00:11 ; elapsed = 00:00:13 . Memory (MB): peak = 1025.652 ; gain = 0.000
---------------------------------------------------------------------------------
Netlist sorting complete. Time (s): cpu = 00:00:00 ; elapsed = 00:00:00.246 . Memory (MB): peak = 1025.652 ; gain = 0.000
INFO: [Project 1-570] Preparing netlist for logic optimization

Processing XDC Constraints
Initializing timing engine
Parsing XDC File [C:/Users/Student/Downloads/Lab11/Lab11.srcs/constrs_1/imports/Downloads/Lab11.xdc]
Finished Parsing XDC File [C:/Users/Student/Downloads/Lab11/Lab11.srcs/constrs_1/imports/Downloads/Lab11.xdc]
INFO: [Project 1-236] Implementation specific constraints were found while reading constraint file [C:/Users/Student/Downloads/Lab11/Lab11.srcs/constrs_1/imports/Downloads/Lab11.xdc]. These constraints will be ignored for synthesis but will be used in implementation. Impacted constraints are listed in the file [.Xil/TopLevelProcessor_propImpl.xdc].
Resolution: To avoid this warning, move constraints listed in [.Xil/TopLevelProcessor_propImpl.xdc] to another XDC file and exclude this new file from synthesis with the used_in_synthesis property (File Properties dialog in GUI) and re-run elaboration/synthesis.
Completed Processing XDC Constraints

Netlist sorting complete. Time (s): cpu = 00:00:00 ; elapsed = 00:00:00.006 . Memory (MB): peak = 1154.859 ; gain = 0.000
INFO: [Project 1-111] Unisim Transformation Summary:
No Unisim elements were transformed.

Constraint Validation Runtime : Time (s): cpu = 00:00:00 ; elapsed = 00:00:00.115 . Memory (MB): peak = 1154.859 ; gain = 0.000
---------------------------------------------------------------------------------
Finished Constraint Validation : Time (s): cpu = 00:00:21 ; elapsed = 00:00:24 . Memory (MB): peak = 1154.859 ; gain = 129.207
---------------------------------------------------------------------------------
---------------------------------------------------------------------------------
Start Loading Part and Timing Information
---------------------------------------------------------------------------------
Loading part: xc7a35tcpg236-1
---------------------------------------------------------------------------------
Finished Loading Part and Timing Information : Time (s): cpu = 00:00:21 ; elapsed = 00:00:24 . Memory (MB): peak = 1154.859 ; gain = 129.207
---------------------------------------------------------------------------------
---------------------------------------------------------------------------------
Start Applying 'set_property' XDC Constraints
---------------------------------------------------------------------------------
---------------------------------------------------------------------------------
Finished applying 'set_property' XDC Constraints : Time (s): cpu = 00:00:21 ; elapsed = 00:00:24 . Memory (MB): peak = 1154.859 ; gain = 129.207
---------------------------------------------------------------------------------
---------------------------------------------------------------------------------
Finished RTL Optimization Phase 2 : Time (s): cpu = 00:00:27 ; elapsed = 00:00:30 . Memory (MB): peak = 1154.859 ; gain = 129.207
---------------------------------------------------------------------------------
---------------------------------------------------------------------------------
Start RTL Component Statistics 
---------------------------------------------------------------------------------
Detailed RTL Component Info : 
+---Adders : 
	   2 Input   32 Bit       Adders := 2     
	   2 Input    6 Bit       Adders := 3     
+---XORs : 
	   2 Input      1 Bit         XORs := 96    
+---Registers : 
	               32 Bit    Registers := 546   
	               16 Bit    Registers := 1     
+---Muxes : 
	  33 Input   32 Bit        Muxes := 2     
	   5 Input   32 Bit        Muxes := 1     
	   2 Input   32 Bit        Muxes := 11    
	   2 Input   16 Bit        Muxes := 1     
	  45 Input    8 Bit        Muxes := 4     
	   4 Input    3 Bit        Muxes := 1     
	   7 Input    3 Bit        Muxes := 1     
	   5 Input    3 Bit        Muxes := 1     
	   9 Input    2 Bit        Muxes := 1     
	   8 Input    2 Bit        Muxes := 1     
	   9 Input    1 Bit        Muxes := 10    
	   2 Input    1 Bit        Muxes := 609   
	   4 Input    1 Bit        Muxes := 32    
	   8 Input    1 Bit        Muxes := 3     
---------------------------------------------------------------------------------
Finished RTL Component Statistics 
---------------------------------------------------------------------------------
---------------------------------------------------------------------------------
Start Part Resource Summary
---------------------------------------------------------------------------------
Part Resources:
DSPs: 90 (col length:60)
BRAMs: 100 (col length: RAMB18 60 RAMB36 30)
---------------------------------------------------------------------------------
Finished Part Resource Summary
---------------------------------------------------------------------------------
---------------------------------------------------------------------------------
Start Cross Boundary and Area Optimization
---------------------------------------------------------------------------------
---------------------------------------------------------------------------------
Finished Cross Boundary and Area Optimization : Time (s): cpu = 00:03:32 ; elapsed = 00:03:53 . Memory (MB): peak = 1154.859 ; gain = 129.207
---------------------------------------------------------------------------------
---------------------------------------------------------------------------------
Start Applying XDC Timing Constraints
---------------------------------------------------------------------------------
---------------------------------------------------------------------------------
Finished Applying XDC Timing Constraints : Time (s): cpu = 00:03:42 ; elapsed = 00:04:03 . Memory (MB): peak = 1154.859 ; gain = 129.207
---------------------------------------------------------------------------------
---------------------------------------------------------------------------------
Start Timing Optimization
---------------------------------------------------------------------------------
---------------------------------------------------------------------------------
Finished Timing Optimization : Time (s): cpu = 00:04:45 ; elapsed = 00:05:12 . Memory (MB): peak = 1237.797 ; gain = 212.145
---------------------------------------------------------------------------------
---------------------------------------------------------------------------------
Start Technology Mapping
---------------------------------------------------------------------------------
---------------------------------------------------------------------------------
Finished Technology Mapping : Time (s): cpu = 00:05:16 ; elapsed = 00:05:45 . Memory (MB): peak = 1260.195 ; gain = 234.543
---------------------------------------------------------------------------------
---------------------------------------------------------------------------------
Start IO Insertion
---------------------------------------------------------------------------------
---------------------------------------------------------------------------------
Start Flattening Before IO Insertion
---------------------------------------------------------------------------------
---------------------------------------------------------------------------------
Finished Flattening Before IO Insertion
---------------------------------------------------------------------------------
---------------------------------------------------------------------------------
Start Final Netlist Cleanup
---------------------------------------------------------------------------------
---------------------------------------------------------------------------------
Finished Final Netlist Cleanup
---------------------------------------------------------------------------------
---------------------------------------------------------------------------------
Finished IO Insertion : Time (s): cpu = 00:05:21 ; elapsed = 00:05:51 . Memory (MB): peak = 1263.027 ; gain = 237.375
---------------------------------------------------------------------------------
---------------------------------------------------------------------------------
Start Renaming Generated Instances
---------------------------------------------------------------------------------
---------------------------------------------------------------------------------
Finished Renaming Generated Instances : Time (s): cpu = 00:05:21 ; elapsed = 00:05:51 . Memory (MB): peak = 1263.027 ; gain = 237.375
---------------------------------------------------------------------------------
---------------------------------------------------------------------------------
Start Rebuilding User Hierarchy
---------------------------------------------------------------------------------
---------------------------------------------------------------------------------
Finished Rebuilding User Hierarchy : Time (s): cpu = 00:05:22 ; elapsed = 00:05:52 . Memory (MB): peak = 1263.027 ; gain = 237.375
---------------------------------------------------------------------------------
---------------------------------------------------------------------------------
Start Renaming Generated Ports
---------------------------------------------------------------------------------
---------------------------------------------------------------------------------
Finished Renaming Generated Ports : Time (s): cpu = 00:05:22 ; elapsed = 00:05:52 . Memory (MB): peak = 1263.027 ; gain = 237.375
---------------------------------------------------------------------------------
---------------------------------------------------------------------------------
Start Handling Custom Attributes
---------------------------------------------------------------------------------
---------------------------------------------------------------------------------
Finished Handling Custom Attributes : Time (s): cpu = 00:05:22 ; elapsed = 00:05:52 . Memory (MB): peak = 1263.027 ; gain = 237.375
---------------------------------------------------------------------------------
---------------------------------------------------------------------------------
Start Renaming Generated Nets
---------------------------------------------------------------------------------
---------------------------------------------------------------------------------
Finished Renaming Generated Nets : Time (s): cpu = 00:05:22 ; elapsed = 00:05:52 . Memory (MB): peak = 1263.027 ; gain = 237.375
---------------------------------------------------------------------------------
---------------------------------------------------------------------------------
Start Writing Synthesis Report
---------------------------------------------------------------------------------

Report BlackBoxes: 
+-+--------------+----------+
| |BlackBox name |Instances |
+-+--------------+----------+
+-+--------------+----------+

Report Cell Usage: 
+------+-------+------+
|      |Cell   |Count |
+------+-------+------+
|1     |BUFG   |     1|
|2     |CARRY4 |    16|
|3     |LUT1   |     1|
|4     |LUT2   |   118|
|5     |LUT3   |  1077|
|6     |LUT4   |   168|
|7     |LUT5   |   130|
|8     |LUT6   |  5054|
|9     |MUXF7  |  2178|
|10    |MUXF8  |    32|
|11    |FDCE   |   128|
|12    |FDRE   |   513|
|13    |IBUF   |    18|
|14    |OBUF   |    16|
+------+-------+------+
---------------------------------------------------------------------------------
Finished Writing Synthesis Report : Time (s): cpu = 00:05:22 ; elapsed = 00:05:52 . Memory (MB): peak = 1263.027 ; gain = 237.375
---------------------------------------------------------------------------------
Synthesis finished with 0 errors, 0 critical warnings and 0 warnings.
Synthesis Optimization Runtime : Time (s): cpu = 00:05:07 ; elapsed = 00:05:47 . Memory (MB): peak = 1263.027 ; gain = 108.168
Synthesis Optimization Complete : Time (s): cpu = 00:05:23 ; elapsed = 00:05:52 . Memory (MB): peak = 1263.027 ; gain = 237.375
INFO: [Project 1-571] Translating synthesized netlist
Netlist sorting complete. Time (s): cpu = 00:00:00 ; elapsed = 00:00:00.095 . Memory (MB): peak = 1275.109 ; gain = 0.000
INFO: [Netlist 29-17] Analyzing 2226 Unisim elements for replacement
INFO: [Netlist 29-28] Unisim Transformation completed in 0 CPU seconds
WARNING: [Netlist 29-101] Netlist 'TopLevelProcessor' is not ideal for floorplanning, since the cellview 'DataMemory' contains a large number of primitives.  Please consider enabling hierarchy in synthesis if you want to do floorplanning.
INFO: [Project 1-570] Preparing netlist for logic optimization
INFO: [Opt 31-138] Pushed 0 inverter(s) to 0 load pin(s).
Netlist sorting complete. Time (s): cpu = 00:00:00 ; elapsed = 00:00:00.002 . Memory (MB): peak = 1275.109 ; gain = 0.000
INFO: [Project 1-111] Unisim Transformation Summary:
No Unisim elements were transformed.

INFO: [Common 17-83] Releasing license: Synthesis
60 Infos, 1 Warnings, 0 Critical Warnings and 0 Errors encountered.
synth_design completed successfully
synth_design: Time (s): cpu = 00:05:30 ; elapsed = 00:06:14 . Memory (MB): peak = 1275.109 ; gain = 249.457
INFO: [Common 17-1381] The checkpoint 'C:/Users/Student/Downloads/Lab11/Lab11.runs/synth_1/TopLevelProcessor.dcp' has been generated.
INFO: [runtcl-4] Executing : report_utilization -file TopLevelProcessor_utilization_synth.rpt -pb TopLevelProcessor_utilization_synth.pb
INFO: [Common 17-206] Exiting Vivado at Mon Apr 20 15:52:42 2026...
