#-----------------------------------------------------------
# Vivado v2020.1 (64-bit)
# SW Build 2902540 on Wed May 27 19:54:49 MDT 2020
# IP Build 2902112 on Wed May 27 22:43:36 MDT 2020
# Start of session at: Wed Apr 15 23:13:43 2026
# Process ID: 9572
# Current directory: C:/Users/Student/Downloads/Lab10/Lab10
# Command line: vivado.exe -gui_launcher_event rodinguilauncherevent21880 C:\Users\Student\Downloads\Lab10\Lab10\Lab10.xpr
# Log file: C:/Users/Student/Downloads/Lab10/Lab10/vivado.log
# Journal file: C:/Users/Student/Downloads/Lab10/Lab10\vivado.jou
#-----------------------------------------------------------
start_gui
open_project C:/Users/Student/Downloads/Lab10/Lab10/Lab10.xpr
INFO: [Project 1-313] Project file moved from 'C:/Users/sq09647/Downloads/Lab10' since last save.
Scanning sources...
Finished scanning sources
INFO: [IP_Flow 19-234] Refreshing IP repositories
INFO: [IP_Flow 19-1704] No user IP repositories specified
INFO: [IP_Flow 19-2313] Loaded Vivado IP repository 'C:/Xilinx/Vivado/2020.1/data/ip'.
open_project: Time (s): cpu = 00:00:17 ; elapsed = 00:00:13 . Memory (MB): peak = 1024.695 ; gain = 0.000
update_compile_order -fileset sources_1
exit
INFO: [Common 17-206] Exiting Vivado at Thu Apr 16 00:08:03 2026...
