Vivado Simulator 2020.1
Time resolution is 1 ps
=======================================================================
 Time |    PC    | Instruction | ALU Result | Zero | Branch | RegWrite 
=======================================================================
                   0 | 00000000 |   1ff00113  |  000001ff  |   0  |   0    |    1
               25000 | 00000004 |   30000293  |  00000300  |   0  |   0    |    1
               35000 | 00000008 |   20000313  |  00000200  |   0  |   0    |    1
               45000 | 0000000c |   40000393  |  00000400  |   0  |   0    |    1
               55000 | 00000010 |   00300b13  |  00000003  |   0  |   0    |    1
               65000 | 00000014 |   00032023  |  00000200  |   0  |   0    |    0
               75000 | 00000018 |   00032023  |  00000200  |   0  |   0    |    0
               85000 | 0000001c |   0003a503  |  00000400  |   0  |   0    |    1
               95000 | 00000020 |   fe051ce3  |  00000000  |   1  |   1    |    0
              105000 | 00000024 |   0002a503  |  00000300  |   0  |   0    |    1
              115000 | 00000028 |   fe050ae3  |  00000000  |   1  |   1    |    0
              125000 | 0000001c |   0003a503  |  00000400  |   0  |   0    |    1
              135000 | 00000020 |   fe051ce3  |  00000000  |   1  |   1    |    0
              145000 | 00000024 |   0002a503  |  00000300  |   0  |   0    |    1
              155000 | 00000028 |   fe050ae3  |  00000000  |   1  |   1    |    0
              165000 | 0000001c |   0003a503  |  00000400  |   0  |   0    |    1
              175000 | 00000020 |   fe051ce3  |  00000000  |   1  |   1    |    0
              185000 | 00000024 |   0002a503  |  00000300  |   0  |   0    |    1
              195000 | 00000028 |   fe050ae3  |  00000000  |   1  |   1    |    0
              205000 | 0000001c |   0003a503  |  00000400  |   0  |   0    |    1
              215000 | 00000020 |   fe051ce3  |  00000000  |   1  |   1    |    0
              225000 | 00000024 |   0002a503  |  00000300  |   0  |   0    |    1
              235000 | 00000028 |   fe050ae3  |  00000000  |   1  |   1    |    0
              245000 | 0000001c |   0003a503  |  00000400  |   0  |   0    |    1
              255000 | 00000020 |   fe051ce3  |  00000000  |   1  |   1    |    0
              265000 | 00000024 |   0002a503  |  00000300  |   0  |   0    |    1
              275000 | 00000028 |   fe050ae3  |  00000000  |   1  |   1    |    0
              285000 | 0000001c |   0003a503  |  00000400  |   0  |   0    |    1
              295000 | 00000020 |   fe051ce3  |  00000000  |   1  |   1    |    0
              305000 | 00000024 |   0002a503  |  00000300  |   0  |   0    |    1
              315000 | 00000028 |   fe050ae3  |  00000000  |   1  |   1    |    0
$finish called at time : 320 ns : File "C:/Users/Student/Downloads/CA project/LabsCA-Git-Shaheer_Areeba/Project/RiscVProject/RiscVProject.srcs/sim_1/imports/files/tb_TopLevelProcessor.v" Line 48
