INFO: [VRFC 10-2263] Analyzing Verilog file "C:/Users/Student/Downloads/CA project/LabsCA-Git-Shaheer_Areeba/Project/RiscVProject/RiscVProject.srcs/sources_1/imports/files/AddressDecoder.v" into library xil_defaultlib
INFO: [VRFC 10-311] analyzing module AddressDecoder
INFO: [VRFC 10-2263] Analyzing Verilog file "C:/Users/Student/Downloads/CA project/LabsCA-Git-Shaheer_Areeba/Project/RiscVProject/RiscVProject.srcs/sources_1/imports/files/DataMemory.v" into library xil_defaultlib
INFO: [VRFC 10-311] analyzing module DataMemory
INFO: [VRFC 10-2263] Analyzing Verilog file "C:/Users/Student/Downloads/CA project/LabsCA-Git-Shaheer_Areeba/Project/RiscVProject/RiscVProject.srcs/sources_1/imports/files/ProgramCounter.v" into library xil_defaultlib
INFO: [VRFC 10-311] analyzing module ProgramCounter
INFO: [VRFC 10-2263] Analyzing Verilog file "C:/Users/Student/Downloads/CA project/LabsCA-Git-Shaheer_Areeba/Project/RiscVProject/RiscVProject.srcs/sources_1/imports/files/Registerfile.v" into library xil_defaultlib
INFO: [VRFC 10-311] analyzing module RegisterFile
INFO: [VRFC 10-2263] Analyzing Verilog file "C:/Users/Student/Downloads/CA project/LabsCA-Git-Shaheer_Areeba/Project/RiscVProject/RiscVProject.srcs/sources_1/imports/files/TopLevelProcessor.v" into library xil_defaultlib
INFO: [VRFC 10-311] analyzing module TopLevelProcessor
INFO: [VRFC 10-2263] Analyzing Verilog file "C:/Users/Student/Downloads/CA project/LabsCA-Git-Shaheer_Areeba/Project/RiscVProject/RiscVProject.srcs/sources_1/imports/files/addressDecoderTop.v" into library xil_defaultlib
INFO: [VRFC 10-311] analyzing module addressDecoderTop
INFO: [VRFC 10-2263] Analyzing Verilog file "C:/Users/Student/Downloads/CA project/LabsCA-Git-Shaheer_Areeba/Project/RiscVProject/RiscVProject.srcs/sources_1/imports/files/alu.v" into library xil_defaultlib
INFO: [VRFC 10-311] analyzing module alu_1bit
INFO: [VRFC 10-2263] Analyzing Verilog file "C:/Users/Student/Downloads/CA project/LabsCA-Git-Shaheer_Areeba/Project/RiscVProject/RiscVProject.srcs/sources_1/imports/files/alu_32bit.v" into library xil_defaultlib
INFO: [VRFC 10-311] analyzing module alu_32bit
INFO: [VRFC 10-2263] Analyzing Verilog file "C:/Users/Student/Downloads/CA project/LabsCA-Git-Shaheer_Areeba/Project/RiscVProject/RiscVProject.srcs/sources_1/imports/files/alu_control.v" into library xil_defaultlib
INFO: [VRFC 10-311] analyzing module alu_control
INFO: [VRFC 10-2263] Analyzing Verilog file "C:/Users/Student/Downloads/CA project/LabsCA-Git-Shaheer_Areeba/Project/RiscVProject/RiscVProject.srcs/sources_1/imports/files/and_gate.v" into library xil_defaultlib
INFO: [VRFC 10-311] analyzing module and_gate
INFO: [VRFC 10-2263] Analyzing Verilog file "C:/Users/Student/Downloads/CA project/LabsCA-Git-Shaheer_Areeba/Project/RiscVProject/RiscVProject.srcs/sources_1/imports/files/branchAdder.v" into library xil_defaultlib
INFO: [VRFC 10-311] analyzing module branchAdder
INFO: [VRFC 10-2263] Analyzing Verilog file "C:/Users/Student/Downloads/CA project/LabsCA-Git-Shaheer_Areeba/Project/RiscVProject/RiscVProject.srcs/sources_1/imports/files/full_adder.v" into library xil_defaultlib
INFO: [VRFC 10-311] analyzing module full_adder
INFO: [VRFC 10-2263] Analyzing Verilog file "C:/Users/Student/Downloads/CA project/LabsCA-Git-Shaheer_Areeba/Project/RiscVProject/RiscVProject.srcs/sources_1/imports/files/immGen.v" into library xil_defaultlib
INFO: [VRFC 10-311] analyzing module immGen
INFO: [VRFC 10-2263] Analyzing Verilog file "C:/Users/Student/Downloads/CA project/LabsCA-Git-Shaheer_Areeba/Project/RiscVProject/RiscVProject.srcs/sources_1/imports/files/instructionMemory.v" into library xil_defaultlib
INFO: [VRFC 10-311] analyzing module instructionMemory
INFO: [VRFC 10-2263] Analyzing Verilog file "C:/Users/Student/Downloads/CA project/LabsCA-Git-Shaheer_Areeba/Project/RiscVProject/RiscVProject.srcs/sources_1/imports/files/leds.v" into library xil_defaultlib
INFO: [VRFC 10-311] analyzing module leds
INFO: [VRFC 10-2263] Analyzing Verilog file "C:/Users/Student/Downloads/CA project/LabsCA-Git-Shaheer_Areeba/Project/RiscVProject/RiscVProject.srcs/sources_1/imports/files/main_control.v" into library xil_defaultlib
INFO: [VRFC 10-311] analyzing module main_control
INFO: [VRFC 10-2263] Analyzing Verilog file "C:/Users/Student/Downloads/CA project/LabsCA-Git-Shaheer_Areeba/Project/RiscVProject/RiscVProject.srcs/sources_1/imports/files/mux2.v" into library xil_defaultlib
INFO: [VRFC 10-311] analyzing module mux2
INFO: [VRFC 10-2263] Analyzing Verilog file "C:/Users/Student/Downloads/CA project/LabsCA-Git-Shaheer_Areeba/Project/RiscVProject/RiscVProject.srcs/sources_1/imports/files/or_gate.v" into library xil_defaultlib
INFO: [VRFC 10-311] analyzing module or_gate
INFO: [VRFC 10-2263] Analyzing Verilog file "C:/Users/Student/Downloads/CA project/LabsCA-Git-Shaheer_Areeba/Project/RiscVProject/RiscVProject.srcs/sources_1/imports/files/pcAdder.v" into library xil_defaultlib
INFO: [VRFC 10-311] analyzing module pcAdder
INFO: [VRFC 10-2263] Analyzing Verilog file "C:/Users/Student/Downloads/CA project/LabsCA-Git-Shaheer_Areeba/Project/RiscVProject/RiscVProject.srcs/sources_1/imports/files/shifter_32bit.v" into library xil_defaultlib
INFO: [VRFC 10-311] analyzing module shifter_32bit
INFO: [VRFC 10-2263] Analyzing Verilog file "C:/Users/Student/Downloads/CA project/LabsCA-Git-Shaheer_Areeba/Project/RiscVProject/RiscVProject.srcs/sources_1/imports/files/switches.v" into library xil_defaultlib
INFO: [VRFC 10-311] analyzing module switches
INFO: [VRFC 10-2263] Analyzing Verilog file "C:/Users/Student/Downloads/CA project/LabsCA-Git-Shaheer_Areeba/Project/RiscVProject/RiscVProject.srcs/sources_1/imports/files/xor_gate.v" into library xil_defaultlib
INFO: [VRFC 10-311] analyzing module xor_gate
INFO: [VRFC 10-2263] Analyzing Verilog file "C:/Users/Student/Downloads/CA project/LabsCA-Git-Shaheer_Areeba/Project/RiscVProject/RiscVProject.srcs/sim_1/imports/files/tb_TopLevelProcessor.v" into library xil_defaultlib
INFO: [VRFC 10-311] analyzing module tb_TopLevelProcessor
