
*** Running vivado
    with args -log final_top.vds -m64 -product Vivado -mode batch -messageDb vivado.pb -notrace -source final_top.tcl



****** Vivado v2020.1 (64-bit)
  **** SW Build 2902540 on Wed May 27 19:54:49 MDT 2020
  **** IP Build 2902112 on Wed May 27 22:43:36 MDT 2020
    ** Copyright 1986-2020 Xilinx, Inc. All Rights Reserved.

source final_top.tcl -notrace
Command: synth_design -top final_top -part xc7a35tcpg236-1
Starting synth_design
Attempting to get a license for feature 'Synthesis' and/or device 'xc7a35t'
INFO: [Common 17-349] Got license for feature 'Synthesis' and/or device 'xc7a35t'
INFO: [Device 21-403] Loading part xc7a35tcpg236-1
INFO: [Synth 8-7079] Multithreading enabled for synth_design using a maximum of 2 processes.
INFO: [Synth 8-7078] Launching helper process for spawning children vivado processes
INFO: [Synth 8-7075] Helper process launched with PID 3352
---------------------------------------------------------------------------------
Starting RTL Elaboration : Time (s): cpu = 00:00:08 ; elapsed = 00:00:09 . Memory (MB): peak = 1028.898 ; gain = 0.000
---------------------------------------------------------------------------------
INFO: [Synth 8-6157] synthesizing module 'final_top' [C:/Users/Student/Downloads/Habib Uni/LabsCA-Git-Shaheer_Areeba/Lab09/Lab09.srcs/sources_1/new/final_top.v:7]
	Parameter IDLE bound to: 2'b00 
	Parameter COMPUTE bound to: 2'b01 
	Parameter DISPLAY bound to: 2'b10 
INFO: [Synth 8-6157] synthesizing module 'debouncer' [C:/Users/Student/Downloads/Habib Uni/LabsCA-Git-Shaheer_Areeba/Lab05/CA_Labs.srcs/sources_1/new/debouncer.v:23]
INFO: [Synth 8-6155] done synthesizing module 'debouncer' (1#1) [C:/Users/Student/Downloads/Habib Uni/LabsCA-Git-Shaheer_Areeba/Lab05/CA_Labs.srcs/sources_1/new/debouncer.v:23]
INFO: [Synth 8-6157] synthesizing module 'top_control' [C:/Users/Student/Downloads/Habib Uni/LabsCA-Git-Shaheer_Areeba/Lab09/Lab09.srcs/sources_1/new/top_control.v:9]
INFO: [Synth 8-6157] synthesizing module 'main_control' [C:/Users/Student/Downloads/Habib Uni/LabsCA-Git-Shaheer_Areeba/Lab09/Lab09.srcs/sources_1/new/main_control.v:3]
INFO: [Synth 8-6155] done synthesizing module 'main_control' (2#1) [C:/Users/Student/Downloads/Habib Uni/LabsCA-Git-Shaheer_Areeba/Lab09/Lab09.srcs/sources_1/new/main_control.v:3]
INFO: [Synth 8-6157] synthesizing module 'alu_control' [C:/Users/Student/Downloads/Habib Uni/LabsCA-Git-Shaheer_Areeba/Lab09/Lab09.srcs/sources_1/new/alu_control.v:3]
INFO: [Synth 8-226] default block is never used [C:/Users/Student/Downloads/Habib Uni/LabsCA-Git-Shaheer_Areeba/Lab09/Lab09.srcs/sources_1/new/alu_control.v:11]
INFO: [Synth 8-6155] done synthesizing module 'alu_control' (3#1) [C:/Users/Student/Downloads/Habib Uni/LabsCA-Git-Shaheer_Areeba/Lab09/Lab09.srcs/sources_1/new/alu_control.v:3]
INFO: [Synth 8-6155] done synthesizing module 'top_control' (4#1) [C:/Users/Student/Downloads/Habib Uni/LabsCA-Git-Shaheer_Areeba/Lab09/Lab09.srcs/sources_1/new/top_control.v:9]
INFO: [Synth 8-6157] synthesizing module 'switches' [C:/Users/Student/Downloads/Habib Uni/LabsCA-Git-Shaheer_Areeba/Lab05/CA_Labs.srcs/sources_1/new/switches.v:23]
INFO: [Synth 8-6155] done synthesizing module 'switches' (5#1) [C:/Users/Student/Downloads/Habib Uni/LabsCA-Git-Shaheer_Areeba/Lab05/CA_Labs.srcs/sources_1/new/switches.v:23]
INFO: [Synth 8-6157] synthesizing module 'leds' [C:/Users/Student/Downloads/Habib Uni/LabsCA-Git-Shaheer_Areeba/Lab05/CA_Labs.srcs/sources_1/new/leds.v:23]
INFO: [Synth 8-6155] done synthesizing module 'leds' (6#1) [C:/Users/Student/Downloads/Habib Uni/LabsCA-Git-Shaheer_Areeba/Lab05/CA_Labs.srcs/sources_1/new/leds.v:23]
INFO: [Synth 8-6155] done synthesizing module 'final_top' (7#1) [C:/Users/Student/Downloads/Habib Uni/LabsCA-Git-Shaheer_Areeba/Lab09/Lab09.srcs/sources_1/new/final_top.v:7]
---------------------------------------------------------------------------------
Finished RTL Elaboration : Time (s): cpu = 00:00:10 ; elapsed = 00:00:12 . Memory (MB): peak = 1028.898 ; gain = 0.000
---------------------------------------------------------------------------------
---------------------------------------------------------------------------------
Start Handling Custom Attributes
---------------------------------------------------------------------------------
---------------------------------------------------------------------------------
Finished Handling Custom Attributes : Time (s): cpu = 00:00:11 ; elapsed = 00:00:13 . Memory (MB): peak = 1028.898 ; gain = 0.000
---------------------------------------------------------------------------------
---------------------------------------------------------------------------------
Finished RTL Optimization Phase 1 : Time (s): cpu = 00:00:11 ; elapsed = 00:00:13 . Memory (MB): peak = 1028.898 ; gain = 0.000
---------------------------------------------------------------------------------
Netlist sorting complete. Time (s): cpu = 00:00:00 ; elapsed = 00:00:00.002 . Memory (MB): peak = 1028.898 ; gain = 0.000
INFO: [Project 1-570] Preparing netlist for logic optimization

Processing XDC Constraints
Initializing timing engine
Parsing XDC File [C:/Users/Student/Downloads/Habib Uni/LabsCA-Git-Shaheer_Areeba/Lab09/Lab09.srcs/constrs_1/new/top_control.xdc]
Finished Parsing XDC File [C:/Users/Student/Downloads/Habib Uni/LabsCA-Git-Shaheer_Areeba/Lab09/Lab09.srcs/constrs_1/new/top_control.xdc]
INFO: [Project 1-236] Implementation specific constraints were found while reading constraint file [C:/Users/Student/Downloads/Habib Uni/LabsCA-Git-Shaheer_Areeba/Lab09/Lab09.srcs/constrs_1/new/top_control.xdc]. These constraints will be ignored for synthesis but will be used in implementation. Impacted constraints are listed in the file [.Xil/final_top_propImpl.xdc].
Resolution: To avoid this warning, move constraints listed in [.Xil/final_top_propImpl.xdc] to another XDC file and exclude this new file from synthesis with the used_in_synthesis property (File Properties dialog in GUI) and re-run elaboration/synthesis.
Completed Processing XDC Constraints

Netlist sorting complete. Time (s): cpu = 00:00:00 ; elapsed = 00:00:00.001 . Memory (MB): peak = 1028.898 ; gain = 0.000
INFO: [Project 1-111] Unisim Transformation Summary:
No Unisim elements were transformed.

Constraint Validation Runtime : Time (s): cpu = 00:00:00 ; elapsed = 00:00:00.006 . Memory (MB): peak = 1028.898 ; gain = 0.000
---------------------------------------------------------------------------------
Finished Constraint Validation : Time (s): cpu = 00:00:23 ; elapsed = 00:00:27 . Memory (MB): peak = 1028.898 ; gain = 0.000
---------------------------------------------------------------------------------
---------------------------------------------------------------------------------
Start Loading Part and Timing Information
---------------------------------------------------------------------------------
Loading part: xc7a35tcpg236-1
---------------------------------------------------------------------------------
Finished Loading Part and Timing Information : Time (s): cpu = 00:00:23 ; elapsed = 00:00:27 . Memory (MB): peak = 1028.898 ; gain = 0.000
---------------------------------------------------------------------------------
---------------------------------------------------------------------------------
Start Applying 'set_property' XDC Constraints
---------------------------------------------------------------------------------
---------------------------------------------------------------------------------
Finished applying 'set_property' XDC Constraints : Time (s): cpu = 00:00:23 ; elapsed = 00:00:27 . Memory (MB): peak = 1028.898 ; gain = 0.000
---------------------------------------------------------------------------------
INFO: [Synth 8-802] inferred FSM for state register 'state_reg' in module 'final_top'
---------------------------------------------------------------------------------------------------
                   State |                     New Encoding |                Previous Encoding 
---------------------------------------------------------------------------------------------------
                    IDLE |                              001 |                               00
                 COMPUTE |                              010 |                               01
                 DISPLAY |                              100 |                               10
---------------------------------------------------------------------------------------------------
INFO: [Synth 8-3354] encoded FSM with state register 'state_reg' using encoding 'one-hot' in module 'final_top'
---------------------------------------------------------------------------------
Finished RTL Optimization Phase 2 : Time (s): cpu = 00:00:24 ; elapsed = 00:00:27 . Memory (MB): peak = 1028.898 ; gain = 0.000
---------------------------------------------------------------------------------
---------------------------------------------------------------------------------
Start RTL Component Statistics 
---------------------------------------------------------------------------------
Detailed RTL Component Info : 
+---Registers : 
	               16 Bit    Registers := 3     
+---Muxes : 
	   2 Input   16 Bit        Muxes := 1     
	   2 Input    4 Bit        Muxes := 2     
	   4 Input    3 Bit        Muxes := 1     
	   7 Input    3 Bit        Muxes := 1     
	   6 Input    2 Bit        Muxes := 1     
	   6 Input    1 Bit        Muxes := 6     
---------------------------------------------------------------------------------
Finished RTL Component Statistics 
---------------------------------------------------------------------------------
---------------------------------------------------------------------------------
Start Part Resource Summary
---------------------------------------------------------------------------------
Part Resources:
DSPs: 90 (col length:60)
BRAMs: 100 (col length: RAMB18 60 RAMB36 30)
---------------------------------------------------------------------------------
Finished Part Resource Summary
---------------------------------------------------------------------------------
---------------------------------------------------------------------------------
Start Cross Boundary and Area Optimization
---------------------------------------------------------------------------------
---------------------------------------------------------------------------------
Finished Cross Boundary and Area Optimization : Time (s): cpu = 00:00:26 ; elapsed = 00:00:31 . Memory (MB): peak = 1028.898 ; gain = 0.000
---------------------------------------------------------------------------------
---------------------------------------------------------------------------------
Start Applying XDC Timing Constraints
---------------------------------------------------------------------------------
---------------------------------------------------------------------------------
Finished Applying XDC Timing Constraints : Time (s): cpu = 00:00:35 ; elapsed = 00:00:41 . Memory (MB): peak = 1028.898 ; gain = 0.000
---------------------------------------------------------------------------------
---------------------------------------------------------------------------------
Start Timing Optimization
---------------------------------------------------------------------------------
---------------------------------------------------------------------------------
Finished Timing Optimization : Time (s): cpu = 00:00:35 ; elapsed = 00:00:41 . Memory (MB): peak = 1030.227 ; gain = 1.328
---------------------------------------------------------------------------------
---------------------------------------------------------------------------------
Start Technology Mapping
---------------------------------------------------------------------------------
---------------------------------------------------------------------------------
Finished Technology Mapping : Time (s): cpu = 00:00:35 ; elapsed = 00:00:41 . Memory (MB): peak = 1030.863 ; gain = 1.965
---------------------------------------------------------------------------------
---------------------------------------------------------------------------------
Start IO Insertion
---------------------------------------------------------------------------------
---------------------------------------------------------------------------------
Start Flattening Before IO Insertion
---------------------------------------------------------------------------------
---------------------------------------------------------------------------------
Finished Flattening Before IO Insertion
---------------------------------------------------------------------------------
---------------------------------------------------------------------------------
Start Final Netlist Cleanup
---------------------------------------------------------------------------------
---------------------------------------------------------------------------------
Finished Final Netlist Cleanup
---------------------------------------------------------------------------------
---------------------------------------------------------------------------------
Finished IO Insertion : Time (s): cpu = 00:00:40 ; elapsed = 00:00:46 . Memory (MB): peak = 1037.637 ; gain = 8.738
---------------------------------------------------------------------------------
---------------------------------------------------------------------------------
Start Renaming Generated Instances
---------------------------------------------------------------------------------
---------------------------------------------------------------------------------
Finished Renaming Generated Instances : Time (s): cpu = 00:00:40 ; elapsed = 00:00:46 . Memory (MB): peak = 1037.637 ; gain = 8.738
---------------------------------------------------------------------------------
---------------------------------------------------------------------------------
Start Rebuilding User Hierarchy
---------------------------------------------------------------------------------
---------------------------------------------------------------------------------
Finished Rebuilding User Hierarchy : Time (s): cpu = 00:00:40 ; elapsed = 00:00:46 . Memory (MB): peak = 1037.637 ; gain = 8.738
---------------------------------------------------------------------------------
---------------------------------------------------------------------------------
Start Renaming Generated Ports
---------------------------------------------------------------------------------
---------------------------------------------------------------------------------
Finished Renaming Generated Ports : Time (s): cpu = 00:00:40 ; elapsed = 00:00:46 . Memory (MB): peak = 1037.637 ; gain = 8.738
---------------------------------------------------------------------------------
---------------------------------------------------------------------------------
Start Handling Custom Attributes
---------------------------------------------------------------------------------
---------------------------------------------------------------------------------
Finished Handling Custom Attributes : Time (s): cpu = 00:00:40 ; elapsed = 00:00:46 . Memory (MB): peak = 1037.637 ; gain = 8.738
---------------------------------------------------------------------------------
---------------------------------------------------------------------------------
Start Renaming Generated Nets
---------------------------------------------------------------------------------
---------------------------------------------------------------------------------
Finished Renaming Generated Nets : Time (s): cpu = 00:00:40 ; elapsed = 00:00:46 . Memory (MB): peak = 1037.637 ; gain = 8.738
---------------------------------------------------------------------------------
---------------------------------------------------------------------------------
Start Writing Synthesis Report
---------------------------------------------------------------------------------

Report BlackBoxes: 
+-+--------------+----------+
| |BlackBox name |Instances |
+-+--------------+----------+
+-+--------------+----------+

Report Cell Usage: 
+------+-----+------+
|      |Cell |Count |
+------+-----+------+
|1     |BUFG |     1|
|2     |LUT2 |     1|
|3     |LUT3 |     4|
|4     |LUT4 |     2|
|5     |LUT5 |     3|
|6     |LUT6 |     3|
|7     |FDCE |    23|
|8     |FDPE |     1|
|9     |IBUF |    13|
|10    |OBUF |    16|
+------+-----+------+
---------------------------------------------------------------------------------
Finished Writing Synthesis Report : Time (s): cpu = 00:00:40 ; elapsed = 00:00:46 . Memory (MB): peak = 1037.637 ; gain = 8.738
---------------------------------------------------------------------------------
Synthesis finished with 0 errors, 0 critical warnings and 0 warnings.
Synthesis Optimization Runtime : Time (s): cpu = 00:00:25 ; elapsed = 00:00:42 . Memory (MB): peak = 1037.637 ; gain = 8.738
Synthesis Optimization Complete : Time (s): cpu = 00:00:40 ; elapsed = 00:00:46 . Memory (MB): peak = 1037.637 ; gain = 8.738
INFO: [Project 1-571] Translating synthesized netlist
Netlist sorting complete. Time (s): cpu = 00:00:00 ; elapsed = 00:00:00 . Memory (MB): peak = 1049.707 ; gain = 0.000
INFO: [Project 1-570] Preparing netlist for logic optimization
INFO: [Opt 31-138] Pushed 0 inverter(s) to 0 load pin(s).
Netlist sorting complete. Time (s): cpu = 00:00:00 ; elapsed = 00:00:00 . Memory (MB): peak = 1049.707 ; gain = 0.000
INFO: [Project 1-111] Unisim Transformation Summary:
No Unisim elements were transformed.

INFO: [Common 17-83] Releasing license: Synthesis
30 Infos, 0 Warnings, 0 Critical Warnings and 0 Errors encountered.
synth_design completed successfully
synth_design: Time (s): cpu = 00:00:49 ; elapsed = 00:01:00 . Memory (MB): peak = 1049.707 ; gain = 20.809
INFO: [Common 17-1381] The checkpoint 'C:/Users/Student/Downloads/Habib Uni/LabsCA-Git-Shaheer_Areeba/Lab09/Lab09.runs/synth_1/final_top.dcp' has been generated.
INFO: [runtcl-4] Executing : report_utilization -file final_top_utilization_synth.rpt -pb final_top_utilization_synth.pb
INFO: [Common 17-206] Exiting Vivado at Thu Apr  9 10:33:41 2026...
